LPAR_REPORTS_ADDR:0x0 => 0
LPAR_REPORTS_ADDR:0x0 => 1
LPAR_REPORTS_ADDR:0x0 => 2
